Vertex Web running on port 3000
MongoDB connected
[0mGET / [32m200[0m 42.354 ms - 8737[0m
[0mGET /about [32m200[0m 4.076 ms - 3410[0m
[0mGET /services [32m200[0m 13.340 ms - 5151[0m
[0mGET /portfolio [32m200[0m 14.386 ms - 6811[0m
[0mGET /pricing [32m200[0m 3.325 ms - 3138[0m
[0mGET /faq [32m200[0m 7.223 ms - 2948[0m
[0mGET /blog [32m200[0m 6.652 ms - 2176[0m
[0mGET /contact [32m200[0m 12.542 ms - 3271[0m
[0mGET /privacy-policy [32m200[0m 4.618 ms - 2517[0m
[0mGET /terms-conditions [32m200[0m 5.106 ms - 2473[0m
[0mGET /admin/login [32m200[0m 1.561 ms - 596[0m
[0mPOST /admin/login [36m302[0m 515.094 ms - 28[0m
[0mGET /admin [32m200[0m 51.521 ms - 1252[0m
[0mGET / [32m200[0m 20.556 ms - 8737[0m
[0mGET / [36m304[0m 22.399 ms - -[0m
[0mGET /css/style.css [36m304[0m 2.749 ms - -[0m
[0mGET /js/main.js [36m304[0m 1.411 ms - -[0m
[0mGET /contact [36m304[0m 12.097 ms - -[0m
[0mGET /css/style.css [36m304[0m 0.506 ms - -[0m
[0mGET /js/main.js [36m304[0m 0.942 ms - -[0m
[0mPOST /contact [31m503[0m 35.834 ms - 3490[0m
[0mGET /css/style.css [36m304[0m 1.163 ms - -[0m
[0mGET /js/main.js [36m304[0m 0.805 ms - -[0m
[0mGET / [32m200[0m 14.319 ms - 8737[0m
[0mGET / [36m304[0m 16.273 ms - -[0m
[0mGET /css/style.css [36m304[0m 1.141 ms - -[0m
[0mGET /js/main.js [36m304[0m 1.380 ms - -[0m
[0mGET /contact [36m304[0m 11.848 ms - -[0m
[0mGET /css/style.css [36m304[0m 0.901 ms - -[0m
[0mGET /js/main.js [36m304[0m 2.222 ms - -[0m
[0mGET /css/style.css [36m304[0m 0.951 ms - -[0m
[0mPOST /contact [31m503[0m 15.349 ms - 3492[0m
[0mGET /css/style.css [36m304[0m 0.761 ms - -[0m
[0mGET /js/main.js [36m304[0m 0.406 ms - -[0m
[0mGET / [36m304[0m 13.585 ms - -[0m
[0mGET /css/style.css [36m304[0m 0.908 ms - -[0m
[0mGET /js/main.js [36m304[0m 1.122 ms - -[0m
[0mGET /terms-conditions [32m200[0m 10.702 ms - 2473[0m
[0mGET /css/style.css [36m304[0m 1.000 ms - -[0m
[0mGET /js/main.js [36m304[0m 1.577 ms - -[0m
[0mGET /terms-conditions [36m304[0m 14.996 ms - -[0m
[0mGET /css/style.css [36m304[0m 0.676 ms - -[0m
[0mGET /js/main.js [36m304[0m 0.892 ms - -[0m
[0mGET /contact [36m304[0m 10.194 ms - -[0m
[0mGET /js/main.js [36m304[0m 0.797 ms - -[0m
[0mGET /css/style.css [36m304[0m 4.534 ms - -[0m
[0mPOST /contact [31m503[0m 10.940 ms - 3490[0m
[0mGET /css/style.css [36m304[0m 0.806 ms - -[0m
[0mGET /js/main.js [36m304[0m 0.811 ms - -[0m
[0mPOST /contact [31m503[0m 10.991 ms - 3500[0m
[0mGET /css/style.css [36m304[0m 0.687 ms - -[0m
[0mGET /js/main.js [36m304[0m 0.827 ms - -[0m
[0mGET /css/style.css [36m304[0m 0.518 ms - -[0m
